v1
"archive.org" "https://archive.org/download/DreamcastCHD2020_0-O/102%20Dalmatians%20-%20Puppies%20to%20the%20Rescue%20v1.001%20%282000%29%28Eidos%29%28US%29%5B%21%5D.chd" "102 Dalmatians - Puppies to the Rescue v1.001 (2000)(Eidos)(US)[!].chd" "-"
"archive.org" "https://archive.org/download/DreamcastCHD2020_0-O/18%20Wheeler%20-%20American%20Pro%20Trucker%20v1.500%20%282001%29%28Sega%29%28US%29%5B%21%5D.chd" "18 Wheeler - American Pro Trucker v1.500 (2001)(Sega)(US)[!].chd" "-"
"archive.org" "https://archive.org/download/DreamcastCHD2020_0-O/4%20Wheel%20Thunder%20v1.002%20%282000%29%28Midway%29%28US%29%5B%21%5D.chd" "4 Wheel Thunder v1.002 (2000)(Midway)(US)[!].chd" "-"
"archive.org" "https://archive.org/download/DreamcastCHD2020_0-O/4X4%20EVO%20v1.001%20%282000%29%28GOD%29%28US%29%5B%21%5D.chd" "4X4 EVO v1.001 (2000)(GOD)(US)[!].chd" "-"
"archive.org" "https://archive.org/download/DreamcastCHD2020_0-O/AeroWings%202%20-%20Airstrike%20v1.001%20%282000%29%28Crave%29%28US%29%5B%21%5D.chd" "AeroWings 2 - Airstrike v1.001 (2000)(Crave)(US)[!].chd" "-"
"archive.org" "https://archive.org/download/DreamcastCHD2020_0-O/AeroWings%20v1.002%20%281999%29%28Crave%29%28US%29%5B%21%5D.chd" "AeroWings v1.002 (1999)(Crave)(US)[!].chd" "-"
"archive.org" "https://archive.org/download/DreamcastCHD2020_0-O/Airforce%20Delta%20v1.000%20%281999%29%28Konami%29%28US%29%5B%21%5D%5B2S%5D.chd" "Airforce Delta v1.000 (1999)(Konami)(US)[!][2S].chd" "-"
"archive.org" "https://archive.org/download/DreamcastCHD2020_0-O/Alien%20Front%20Online%20v1.000%20%282001%29%28Sega%29%28US%29%5B%21%5D.chd" "Alien Front Online v1.000 (2001)(Sega)(US)[!].chd" "-"
"archive.org" "https://archive.org/download/DreamcastCHD2020_0-O/Alone%20in%20the%20Dark%20-%20The%20New%20Nightmare%20v1.000%20%282001%29%28Infogrames%29%28US%29%28Disc%201%20of%202%29%5B%21%5D.CD1" "Alone in the Dark - The New Nightmare v1.000 (2001)(Infogrames)(US)(Disc 1 of 2)[!].CD1" "-"
"archive.org" "https://archive.org/download/DreamcastCHD2020_0-O/Alone%20in%20the%20Dark%20-%20The%20New%20Nightmare%20v1.000%20%282001%29%28Infogrames%29%28US%29%28Disc%202%20of%202%29%5B%21%5D.CD2" "Alone in the Dark - The New Nightmare v1.000 (2001)(Infogrames)(US)(Disc 2 of 2)[!].CD2" "-"
"archive.org" "https://archive.org/download/DreamcastCHD2020_0-O/Alone%20in%20the%20Dark%20-%20The%20New%20Nightmare.m3u" "Alone in the Dark - The New Nightmare.m3u" "-"
"archive.org" "https://archive.org/download/DreamcastCHD2020_0-O/Aqua%20GT%20v1.000%20%282000%29%28Take%202%29%28PAL%29%28M3%29%5B%21%5D.chd" "Aqua GT v1.000 (2000)(Take 2)(PAL)(M3)[!].chd" "-"
"archive.org" "https://archive.org/download/DreamcastCHD2020_0-O/Armada%20v1.000%20%281999%29%28Metro3D%29%28US%29%5B%21%5D.chd" "Armada v1.000 (1999)(Metro3D)(US)[!].chd" "-"
"archive.org" "https://archive.org/download/DreamcastCHD2020_0-O/Army%20Men%20-%20Sarge%27s%20Heroes%20v1.001%20%282000%29%28Midway%29%28US%29%5B%21%5D.chd" "Army Men - Sarge's Heroes v1.001 (2000)(Midway)(US)[!].chd" "-"
"archive.org" "https://archive.org/download/DreamcastCHD2020_0-O/Atari%20Anniversary%20Edition%20v1.001%20%282001%29%28Infogrames%29%28US%29%5B%21%5D%5Bcompilation%5D.chd" "Atari Anniversary Edition v1.001 (2001)(Infogrames)(US)[!][compilation].chd" "-"
"archive.org" "https://archive.org/download/DreamcastCHD2020_0-O/BANG%21%20-%20Gunship%20Elite%20v1.003%20%282000%29%28Red%20Storm%29%28US%29%5B%21%5D.chd" "BANG! - Gunship Elite v1.003 (2000)(Red Storm)(US)[!].chd" "-"
"archive.org" "https://archive.org/download/DreamcastCHD2020_0-O/Bangai-O%20v1.001%20%282000%29%28Crave%29%28US%29%5B%21%5D.chd" "Bangai-O v1.001 (2000)(Crave)(US)[!].chd" "-"
"archive.org" "https://archive.org/download/DreamcastCHD2020_0-O/Blue%20Stinger%20v1.000%20%281999%29%28Activision%29%28US%29%5B%21%5D%5B7S%5D.chd" "Blue Stinger v1.000 (1999)(Activision)(US)[!][7S].chd" "-"
"archive.org" "https://archive.org/download/DreamcastCHD2020_0-O/Bomberman%20Online%20v1.004%20%282001%29%28Sega%29%28US%29%5B%21%5D.chd" "Bomberman Online v1.004 (2001)(Sega)(US)[!].chd" "-"
"archive.org" "https://archive.org/download/DreamcastCHD2020_0-O/Bust-A-Move%204%20v1.001%20%282000%29%28Acclaim%29%28US%29%5B%21%5D%5B3S%5D.chd" "Bust-A-Move 4 v1.001 (2000)(Acclaim)(US)[!][3S].chd" "-"
"archive.org" "https://archive.org/download/DreamcastCHD2020_0-O/Buzz%20Lightyear%20of%20Star%20Command%20v1.000%20%282000%29%28Activision%29%28US%29%5B%21%5D.chd" "Buzz Lightyear of Star Command v1.000 (2000)(Activision)(US)[!].chd" "-"
"archive.org" "https://archive.org/download/DreamcastCHD2020_0-O/Caesars%20Palace%202000%20-%20Millennium%20Gold%20Edition%20v1.011%20%282000%29%28Interplay%29%28US%29%5B%21%5D.chd" "Caesars Palace 2000 - Millennium Gold Edition v1.011 (2000)(Interplay)(US)[!].chd" "-"
"archive.org" "https://archive.org/download/DreamcastCHD2020_0-O/Cannon%20Spike%20v1.001%20%282000%29%28Capcom%29%28US%29%5B%21%5D.chd" "Cannon Spike v1.001 (2000)(Capcom)(US)[!].chd" "-"
"archive.org" "https://archive.org/download/DreamcastCHD2020_0-O/Capcom%20vs.%20SNK%20v1.001%20%282000%29%28Capcom%29%28US%29%5B%21%5D.chd" "Capcom vs. SNK v1.001 (2000)(Capcom)(US)[!].chd" "-"
"archive.org" "https://archive.org/download/DreamcastCHD2020_0-O/Carrier%20v1.001%20%282000%29%28Jaleco%29%28US%29%5B%21%5D.chd" "Carrier v1.001 (2000)(Jaleco)(US)[!].chd" "-"
"archive.org" "https://archive.org/download/DreamcastCHD2020_0-O/Centipede%20v1.004%20%281999%29%28Hasbro%29%28US%29%5B%21%5D.chd" "Centipede v1.004 (1999)(Hasbro)(US)[!].chd" "-"
"archive.org" "https://archive.org/download/DreamcastCHD2020_0-O/Championship%20Surfer%20v1.002%20%282000%29%28Mattel%29%28US%29%5B%21%5D.chd" "Championship Surfer v1.002 (2000)(Mattel)(US)[!].chd" "-"
"archive.org" "https://archive.org/download/DreamcastCHD2020_0-O/Charge%20%27n%20Blast%20v1.000%20%282000%29%28Infogrames%29%28US%29%5B%21%5D.chd" "Charge 'n Blast v1.000 (2000)(Infogrames)(US)[!].chd" "-"
"archive.org" "https://archive.org/download/DreamcastCHD2020_0-O/Chicken%20Run%20v1.000%20%282000%29%28Eidos%29%28US%29%5B%21%5D.chd" "Chicken Run v1.000 (2000)(Eidos)(US)[!].chd" "-"
"archive.org" "https://archive.org/download/DreamcastCHD2020_0-O/ChuChu%20Rocket%21%20v1.007%20%282000%29%28Sega%29%28US%29%28en-ja%29%5B%21%5D.chd" "ChuChu Rocket! v1.007 (2000)(Sega)(US)(en-ja)[!].chd" "-"
"archive.org" "https://archive.org/download/DreamcastCHD2020_0-O/Coaster%20Works%20v1.002%20%282001%29%28XICAT%20Interactive%29%28US%29%5B%21%5D.chd" "Coaster Works v1.002 (2001)(XICAT Interactive)(US)[!].chd" "-"
"archive.org" "https://archive.org/download/DreamcastCHD2020_0-O/Confidential%20Mission%20v1.004%20%282001%29%28Sega%29%28US%29%28M5%29%5B%21%5D.chd" "Confidential Mission v1.004 (2001)(Sega)(US)(M5)[!].chd" "-"
"archive.org" "https://archive.org/download/DreamcastCHD2020_0-O/Conflict%20Zone%20-%20Modern%20War%20Strategy%20v1.002%20%282001%29%28Ubi%20Soft%29%28US%29%5B%21%5D.chd" "Conflict Zone - Modern War Strategy v1.002 (2001)(Ubi Soft)(US)[!].chd" "-"
"archive.org" "https://archive.org/download/DreamcastCHD2020_0-O/Crazy%20Taxi%202%20v1.004%20%282001%29%28Sega%29%28US%29%5B%21%5D.chd" "Crazy Taxi 2 v1.004 (2001)(Sega)(US)[!].chd" "-"
"archive.org" "https://archive.org/download/DreamcastCHD2020_0-O/Crazy%20Taxi%20v1.004%20%281999%29%28Sega%29%28US%29%5B%21%5D%5B10S%5D.chd" "Crazy Taxi v1.004 (1999)(Sega)(US)[!][10S].chd" "-"
"archive.org" "https://archive.org/download/DreamcastCHD2020_0-O/Cyber%20Troopers%20-%20Virtual%20On%20-%20Oratorio%20Tangram%20v1.000%20%282000%29%28Activision%29%28US%29%5B%21%5D.chd" "Cyber Troopers - Virtual On - Oratorio Tangram v1.000 (2000)(Activision)(US)[!].chd" "-"
"archive.org" "https://archive.org/download/DreamcastCHD2020_0-O/D2%20v1.000%20%282000%29%28Sega%29%28US%29%28Disc%201%20of%204%29%5B%21%5D%5B10S%5D.CD1" "D2 v1.000 (2000)(Sega)(US)(Disc 1 of 4)[!][10S].CD1" "-"
"archive.org" "https://archive.org/download/DreamcastCHD2020_0-O/D2%20v1.000%20%282000%29%28Sega%29%28US%29%28Disc%202%20of%204%29%5B%21%5D%5B13S%5D.CD2" "D2 v1.000 (2000)(Sega)(US)(Disc 2 of 4)[!][13S].CD2" "-"
"archive.org" "https://archive.org/download/DreamcastCHD2020_0-O/D2%20v1.000%20%282000%29%28Sega%29%28US%29%28Disc%203%20of%204%29%5B%21%5D.CD3" "D2 v1.000 (2000)(Sega)(US)(Disc 3 of 4)[!].CD3" "-"
"archive.org" "https://archive.org/download/DreamcastCHD2020_0-O/D2%20v1.000%20%282000%29%28Sega%29%28US%29%28Disc%204%20of%204%29%5B%21%5D%5B4S%5D.CD4" "D2 v1.000 (2000)(Sega)(US)(Disc 4 of 4)[!][4S].CD4" "-"
"archive.org" "https://archive.org/download/DreamcastCHD2020_0-O/Dave%20Mirra%20Freestyle%20BMX%20v1.001%20%282000%29%28Acclaim%29%28US%29%5B%21%5D%5B0K055A%2C%20B%2C%20D%2C%20E%5D.chd" "Dave Mirra Freestyle BMX v1.001 (2000)(Acclaim)(US)[!][0K055A, B, D, E].chd" "-"
"archive.org" "https://archive.org/download/DreamcastCHD2020_0-O/Daytona%20USA%20v1.004%20%282001%29%28Hasbro%20-%20Sega%29%28US%29%5B%21%5D.chd" "Daytona USA v1.004 (2001)(Hasbro - Sega)(US)[!].chd" "-"
"archive.org" "https://archive.org/download/DreamcastCHD2020_0-O/Dead%20or%20Alive%202%20v1.100%20%282000%29%28Tecmo%29%28US%29%5B%21%5D.chd" "Dead or Alive 2 v1.100 (2000)(Tecmo)(US)[!].chd" "-"
"archive.org" "https://archive.org/download/DreamcastCHD2020_0-O/Death%20Crimson%20OX%20v1.001%20%282001%29%28Sammy%29%28US%29%5B%21%5D.chd" "Death Crimson OX v1.001 (2001)(Sammy)(US)[!].chd" "-"
"archive.org" "https://archive.org/download/DreamcastCHD2020_0-O/Deep%20Fighter%20v1.002%20%282000%29%28Ubi%20Soft%29%28US%29%28Disc%201%20of%202%29%5B%21%5D.CD1" "Deep Fighter v1.002 (2000)(Ubi Soft)(US)(Disc 1 of 2)[!].CD1" "-"
"archive.org" "https://archive.org/download/DreamcastCHD2020_0-O/Deep%20Fighter%20v1.002%20%282000%29%28Ubi%20Soft%29%28US%29%28Disc%202%20of%202%29%5B%21%5D.CD2" "Deep Fighter v1.002 (2000)(Ubi Soft)(US)(Disc 2 of 2)[!].CD2" "-"
"archive.org" "https://archive.org/download/DreamcastCHD2020_0-O/Deep%20Fighter.m3u" "Deep Fighter.m3u" "-"
"archive.org" "https://archive.org/download/DreamcastCHD2020_0-O/Demolition%20Racer%20-%20No%20Exit%20v1.002%20%282000%29%28Infogrames%29%28US%29%5B%21%5D.chd" "Demolition Racer - No Exit v1.002 (2000)(Infogrames)(US)[!].chd" "-"
"archive.org" "https://archive.org/download/DreamcastCHD2020_0-O/Dino%20Crisis%20v1.000%20%282000%29%28Capcom%29%28US%29%5B%21%5D.chd" "Dino Crisis v1.000 (2000)(Capcom)(US)[!].chd" "-"
"archive.org" "https://archive.org/download/DreamcastCHD2020_0-O/Dinosaur%20v1.002%20%282000%29%28Ubi%20Soft%29%28US%29%28M5%29%5B%21%5D.chd" "Dinosaur v1.002 (2000)(Ubi Soft)(US)(M5)[!].chd" "-"
"archive.org" "https://archive.org/download/DreamcastCHD2020_0-O/Donald%20Duck%20-%20Goin%27%20Quackers%20v1.001%20%282000%29%28Ubi%20Soft%29%28US%29%28M5%29%5B%21%5D.chd" "Donald Duck - Goin' Quackers v1.001 (2000)(Ubi Soft)(US)(M5)[!].chd" "-"
"archive.org" "https://archive.org/download/DreamcastCHD2020_0-O/Draconus%20-%20Cult%20of%20the%20Wyrm%20v1.000%20%282000%29%28Crave%29%28US%29%5B%21%5D.chd" "Draconus - Cult of the Wyrm v1.000 (2000)(Crave)(US)[!].chd" "-"
"archive.org" "https://archive.org/download/DreamcastCHD2020_0-O/DragonRiders%20-%20Chronicles%20of%20Pern%20v1.002%20%282001%29%28Ubi%20Soft%29%28US%29%5B%21%5D.chd" "DragonRiders - Chronicles of Pern v1.002 (2001)(Ubi Soft)(US)[!].chd" "-"
"archive.org" "https://archive.org/download/DreamcastCHD2020_0-O/Dreamcast.jpg" "Dreamcast.jpg" "-"
"archive.org" "https://archive.org/download/DreamcastCHD2020_0-O/DreamcastCHD2020_0-O_archive.torrent" "DreamcastCHD2020_0-O_archive.torrent" "-"
"archive.org" "https://archive.org/download/DreamcastCHD2020_0-O/DreamcastCHD2020_0-O_files.xml" "DreamcastCHD2020_0-O_files.xml" "-"
"archive.org" "https://archive.org/download/DreamcastCHD2020_0-O/DreamcastCHD2020_0-O_meta.sqlite" "DreamcastCHD2020_0-O_meta.sqlite" "-"
"archive.org" "https://archive.org/download/DreamcastCHD2020_0-O/DreamcastCHD2020_0-O_meta.xml" "DreamcastCHD2020_0-O_meta.xml" "-"
"archive.org" "https://archive.org/download/DreamcastCHD2020_0-O/Dreamcast_thumb.jpg" "Dreamcast_thumb.jpg" "-"
"archive.org" "https://archive.org/download/DreamcastCHD2020_0-O/Ducati%20World%20-%20Racing%20Challenge%20v1.000%20%282001%29%28Acclaim%29%28US%29%5B%21%5D.chd" "Ducati World - Racing Challenge v1.000 (2001)(Acclaim)(US)[!].chd" "-"
"archive.org" "https://archive.org/download/DreamcastCHD2020_0-O/Dynamite%20Cop%21%20v1.005%20%281999%29%28Sega%29%28US%29%5B%21%5D.chd" "Dynamite Cop! v1.005 (1999)(Sega)(US)[!].chd" "-"
"archive.org" "https://archive.org/download/DreamcastCHD2020_0-O/ECW%20Anarchy%20Rulz%20v1.000%20%282000%29%28Acclaim%29%28US%29%5B%21%5D.chd" "ECW Anarchy Rulz v1.000 (2000)(Acclaim)(US)[!].chd" "-"
"archive.org" "https://archive.org/download/DreamcastCHD2020_0-O/ECW%20Hardcore%20Revolution%20v1.001%20%282000%29%28Acclaim%29%28US%29%5B%21%5D.chd" "ECW Hardcore Revolution v1.001 (2000)(Acclaim)(US)[!].chd" "-"
"archive.org" "https://archive.org/download/DreamcastCHD2020_0-O/ESPN%20International%20Track%20%26%20Field%20v1.001%20%282000%29%28Konami%29%28US%29%5B%21%5D.chd" "ESPN International Track & Field v1.001 (2000)(Konami)(US)[!].chd" "-"
"archive.org" "https://archive.org/download/DreamcastCHD2020_0-O/ESPN%20NBA%202night%20v1.005%20%282000%29%28Konami%29%28US%29%5B%21%5D.chd" "ESPN NBA 2night v1.005 (2000)(Konami)(US)[!].chd" "-"
"archive.org" "https://archive.org/download/DreamcastCHD2020_0-O/Ecco%20the%20Dolphin%20-%20Defender%20of%20the%20Future%20v1.000%20%282000%29%28Sega%29%28US%29%28M4%29%5B%21%5D.chd" "Ecco the Dolphin - Defender of the Future v1.000 (2000)(Sega)(US)(M4)[!].chd" "-"
"archive.org" "https://archive.org/download/DreamcastCHD2020_0-O/Elemental%20Gimmick%20Gear%20v1.001%20%281999%29%28Vatical%29%28US%29%5B%21%5D.chd" "Elemental Gimmick Gear v1.001 (1999)(Vatical)(US)[!].chd" "-"
"archive.org" "https://archive.org/download/DreamcastCHD2020_0-O/European%20Super%20League%20v1.002%20%282001%29%28Virgin%29%28PAL%29%28M6%29%5B%21%5D.chd" "European Super League v1.002 (2001)(Virgin)(PAL)(M6)[!].chd" "-"
"archive.org" "https://archive.org/download/DreamcastCHD2020_0-O/Evil%20Dead%20-%20Hail%20to%20the%20King%20v1.002%20%282000%29%28THQ%29%28US%29%5B%21%5D.chd" "Evil Dead - Hail to the King v1.002 (2000)(THQ)(US)[!].chd" "-"
"archive.org" "https://archive.org/download/DreamcastCHD2020_0-O/Evil%20Twin%20-%20Cyprien%27s%20Chronicles%20v1.001%20%282002%29%28Bigben%20-%20Ubi%20Soft%29%28PAL%29%28M5%29%5B%21%5D%5Ben-fr%20voices%5D.chd" "Evil Twin - Cyprien's Chronicles v1.001 (2002)(Bigben - Ubi Soft)(PAL)(M5)[!][en-fr voices].chd" "-"
"archive.org" "https://archive.org/download/DreamcastCHD2020_0-O/Evolution%20-%20The%20World%20of%20Sacred%20Device%20v1.290%20%281999%29%28Ubi%20Soft%29%28US%29%5B%21%5D.chd" "Evolution - The World of Sacred Device v1.290 (1999)(Ubi Soft)(US)[!].chd" "-"
"archive.org" "https://archive.org/download/DreamcastCHD2020_0-O/Evolution%202%20-%20Far%20Off%20Promise%20v1.000%20%282000%29%28Ubi%20Soft%29%28US%29%5B%21%5D.chd" "Evolution 2 - Far Off Promise v1.000 (2000)(Ubi Soft)(US)[!].chd" "-"
"archive.org" "https://archive.org/download/DreamcastCHD2020_0-O/Exhibition%20of%20Speed%20v1.000%20%282000%29%28Titus%29%28PAL%29%28M6%29%5B%21%5D.chd" "Exhibition of Speed v1.000 (2000)(Titus)(PAL)(M6)[!].chd" "-"
"archive.org" "https://archive.org/download/DreamcastCHD2020_0-O/Expendable%20v1.000%20%281999%29%28Infogrames%29%28US%29%28M5%29%5B%21%5D.chd" "Expendable v1.000 (1999)(Infogrames)(US)(M5)[!].chd" "-"
"archive.org" "https://archive.org/download/DreamcastCHD2020_0-O/F1%20Racing%20Championship%20v1.001%20%282000%29%28Ubi%20Soft%20-%20Video%20System%29%28PAL%29%28M5%29%5B%21%5D.chd" "F1 Racing Championship v1.001 (2000)(Ubi Soft - Video System)(PAL)(M5)[!].chd" "-"
"archive.org" "https://archive.org/download/DreamcastCHD2020_0-O/F1%20World%20Grand%20Prix%20II%20for%20Dreamcast%20v2.008%20%282000%29%28Video%20System%29%28PAL%29%28M5%29%5B%21%5D.chd" "F1 World Grand Prix II for Dreamcast v2.008 (2000)(Video System)(PAL)(M5)[!].chd" "-"
"archive.org" "https://archive.org/download/DreamcastCHD2020_0-O/F1%20World%20Grand%20Prix%20v1.006%20%282000%29%28Video%20System%29%28US%29%28M4%29%5B%21%5D.chd" "F1 World Grand Prix v1.006 (2000)(Video System)(US)(M4)[!].chd" "-"
"archive.org" "https://archive.org/download/DreamcastCHD2020_0-O/F355%20Challenge%20-%20Passione%20Rossa%20v1.000%20%282000%29%28Acclaim%29%28US%29%5B%21%5D%5B5S%5D.chd" "F355 Challenge - Passione Rossa v1.000 (2000)(Acclaim)(US)[!][5S].chd" "-"
"archive.org" "https://archive.org/download/DreamcastCHD2020_0-O/Fatal%20Fury%20-%20Mark%20of%20the%20Wolves%20v0.800%20%282001%29%28Agetec%29%28US%29%5B%21%5D.chd" "Fatal Fury - Mark of the Wolves v0.800 (2001)(Agetec)(US)[!].chd" "-"
"archive.org" "https://archive.org/download/DreamcastCHD2020_0-O/Fighting%20Force%202%20v1.000%20%281999%29%28Eidos%29%28US%29%5B%21%5D%5B9S%5D.chd" "Fighting Force 2 v1.000 (1999)(Eidos)(US)[!][9S].chd" "-"
"archive.org" "https://archive.org/download/DreamcastCHD2020_0-O/Fighting%20Vipers%202%20v1.001%20%282000%29%28Sega%29%28PAL%29%28M6%29%5B%21%5D.chd" "Fighting Vipers 2 v1.001 (2000)(Sega)(PAL)(M6)[!].chd" "-"
"archive.org" "https://archive.org/download/DreamcastCHD2020_0-O/Flag%20to%20Flag%20v1.000%20%281999%29%28Sega%29%28US%29%5B%21%5D.chd" "Flag to Flag v1.000 (1999)(Sega)(US)[!].chd" "-"
"archive.org" "https://archive.org/download/DreamcastCHD2020_0-O/Floigan%20Bros.%20-%20Episode%201%20v1.001%20%282001%29%28Sega%29%28US%29%5B%21%5D.chd" "Floigan Bros. - Episode 1 v1.001 (2001)(Sega)(US)[!].chd" "-"
"archive.org" "https://archive.org/download/DreamcastCHD2020_0-O/Frogger%202%20-%20Swampy%27s%20Revenge%20v1.001%20%282000%29%28Hasbro%29%28US%29%5B%21%5D.chd" "Frogger 2 - Swampy's Revenge v1.001 (2000)(Hasbro)(US)[!].chd" "-"
"archive.org" "https://archive.org/download/DreamcastCHD2020_0-O/Fur%20Fighters%20v2.001%20%282000%29%28Acclaim%29%28US%29%28M4%29%5B%21%5D.chd" "Fur Fighters v2.001 (2000)(Acclaim)(US)(M4)[!].chd" "-"
"archive.org" "https://archive.org/download/DreamcastCHD2020_0-O/GK%20-%20Giant%20Killers%20v1.400%20%282001%29%28AAA%20Game%29%28PAL%29%5B%21%5D.chd" "GK - Giant Killers v1.400 (2001)(AAA Game)(PAL)[!].chd" "-"
"archive.org" "https://archive.org/download/DreamcastCHD2020_0-O/Gauntlet%20Legends%20v1.003%20%282000%29%28Midway%29%28US%29%5B%21%5D.chd" "Gauntlet Legends v1.003 (2000)(Midway)(US)[!].chd" "-"
"archive.org" "https://archive.org/download/DreamcastCHD2020_0-O/GigaWing%202%20v1.000%20%282000%29%28Capcom%29%28US%29%5B%21%5D.chd" "GigaWing 2 v1.000 (2000)(Capcom)(US)[!].chd" "-"
"archive.org" "https://archive.org/download/DreamcastCHD2020_0-O/GigaWing%20v1.000%20%282000%29%28Capcom%29%28US%29%5B%21%5D.chd" "GigaWing v1.000 (2000)(Capcom)(US)[!].chd" "-"
"archive.org" "https://archive.org/download/DreamcastCHD2020_0-O/Grand%20Theft%20Auto%202%20v1.002%20%282000%29%28Rockstar%29%28US%29%5B%21%5D.chd" "Grand Theft Auto 2 v1.002 (2000)(Rockstar)(US)[!].chd" "-"
"archive.org" "https://archive.org/download/DreamcastCHD2020_0-O/Grandia%20II%20v1.001%20%282000%29%28Ubi%20Soft%29%28US%29%5B%21%5D.chd" "Grandia II v1.001 (2000)(Ubi Soft)(US)[!].chd" "-"
"archive.org" "https://archive.org/download/DreamcastCHD2020_0-O/Grinch%2C%20The%20v1.001%20%282000%29%28Konami%29%28US%29%5B%21%5D.chd" "Grinch, The v1.001 (2000)(Konami)(US)[!].chd" "-"
"archive.org" "https://archive.org/download/DreamcastCHD2020_0-O/Gunbird%202%20v1.000%20%282000%29%28Capcom%29%28US%29%5B%21%5D.chd" "Gunbird 2 v1.000 (2000)(Capcom)(US)[!].chd" "-"
"archive.org" "https://archive.org/download/DreamcastCHD2020_0-O/Gundam%20-%20Side%20Story%200079%20-%20Rise%20from%20the%20Ashes%20v1.003%20%282000%29%28Bandai%29%28US%29%5B%21%5D.chd" "Gundam - Side Story 0079 - Rise from the Ashes v1.003 (2000)(Bandai)(US)[!].chd" "-"
"archive.org" "https://archive.org/download/DreamcastCHD2020_0-O/Headhunter%20v1.006%20%282001%29%28Sega%29%28PAL%29%28M4%29%28Disc%201%20of%202%29%5B%21%5D.CD1" "Headhunter v1.006 (2001)(Sega)(PAL)(M4)(Disc 1 of 2)[!].CD1" "-"
"archive.org" "https://archive.org/download/DreamcastCHD2020_0-O/Headhunter%20v1.006%20%282001%29%28Sega%29%28PAL%29%28M4%29%28Disc%202%20of%202%29%5B%21%5D.CD2" "Headhunter v1.006 (2001)(Sega)(PAL)(M4)(Disc 2 of 2)[!].CD2" "-"
"archive.org" "https://archive.org/download/DreamcastCHD2020_0-O/Headhunter.m3u" "Headhunter.m3u" "-"
"archive.org" "https://archive.org/download/DreamcastCHD2020_0-O/Heavy%20Metal%20-%20Geomatrix%20v1.001%20%282001%29%28Capcom%29%28US%29%5B%21%5D.chd" "Heavy Metal - Geomatrix v1.001 (2001)(Capcom)(US)[!].chd" "-"
"archive.org" "https://archive.org/download/DreamcastCHD2020_0-O/Hidden%20%26%20Dangerous%20v1.100%20%282000%29%28Take%202%29%28US%29%5B%21%5D.chd" "Hidden & Dangerous v1.100 (2000)(Take 2)(US)[!].chd" "-"
"archive.org" "https://archive.org/download/DreamcastCHD2020_0-O/House%20of%20the%20Dead%202%2C%20The%20v1.001%20%281999%29%28Sega%29%28US%29%5B%21%5D%5B13S%5D.chd" "House of the Dead 2, The v1.001 (1999)(Sega)(US)[!][13S].chd" "-"
"archive.org" "https://archive.org/download/DreamcastCHD2020_0-O/Hoyle%20Casino%20v1.001%20%282000%29%28Sierra%29%28US%29%5B%21%5D.chd" "Hoyle Casino v1.001 (2000)(Sierra)(US)[!].chd" "-"
"archive.org" "https://archive.org/download/DreamcastCHD2020_0-O/Hydro%20Thunder%20v1.020%20%281999%29%28Midway%29%28US%29%5B%21%5D.chd" "Hydro Thunder v1.020 (1999)(Midway)(US)[!].chd" "-"
"archive.org" "https://archive.org/download/DreamcastCHD2020_0-O/Ikaruga%20v1.002%20%282002%29%28ESP%29%28JP%29%5B%21%5D.chd" "Ikaruga v1.002 (2002)(ESP)(JP)[!].chd" "-"
"archive.org" "https://archive.org/download/DreamcastCHD2020_0-O/Illbleed%20v1.002%20%282001%29%28AIA%29%28US%29%5B%21%5D.chd" "Illbleed v1.002 (2001)(AIA)(US)[!].chd" "-"
"archive.org" "https://archive.org/download/DreamcastCHD2020_0-O/Incoming%20v1.000%20%281999%29%28Interplay%29%28US%29%5B%21%5D.chd" "Incoming v1.000 (1999)(Interplay)(US)[!].chd" "-"
"archive.org" "https://archive.org/download/DreamcastCHD2020_0-O/Industrial%20Spy%20-%20Operation%20Espionage%20v1.001%20%282000%29%28UFO%29%28US%29%5B%21%5D.chd" "Industrial Spy - Operation Espionage v1.001 (2000)(UFO)(US)[!].chd" "-"
"archive.org" "https://archive.org/download/DreamcastCHD2020_0-O/Iron%20Aces%20v1.000%20%282000%29%28Infogrames%20-%20XICAT%20Interactive%29%28US%29%5B%21%5D.chd" "Iron Aces v1.000 (2000)(Infogrames - XICAT Interactive)(US)[!].chd" "-"
"archive.org" "https://archive.org/download/DreamcastCHD2020_0-O/Jeremy%20McGrath%20Supercross%202000%20v1.001%20%282000%29%28Acclaim%29%28US%29%5B%21%5D%5B2S%5D.chd" "Jeremy McGrath Supercross 2000 v1.001 (2000)(Acclaim)(US)[!][2S].chd" "-"
"archive.org" "https://archive.org/download/DreamcastCHD2020_0-O/Jet%20Grind%20Radio%20v1.005%20%282000%29%28Sega%29%28US%29%5B%21%5D.chd" "Jet Grind Radio v1.005 (2000)(Sega)(US)[!].chd" "-"
"archive.org" "https://archive.org/download/DreamcastCHD2020_0-O/Jimmy%20White%27s%202%20-%20Cueball%20v1.100%20%281999%29%28Virgin%29%28PAL%29%5B%21%5D.chd" "Jimmy White's 2 - Cueball v1.100 (1999)(Virgin)(PAL)[!].chd" "-"
"archive.org" "https://archive.org/download/DreamcastCHD2020_0-O/Jojo%27s%20Bizarre%20Adventure%20v1.001%20%282000%29%28Capcom%29%28US%29%5B%21%5D.chd" "Jojo's Bizarre Adventure v1.001 (2000)(Capcom)(US)[!].chd" "-"
"archive.org" "https://archive.org/download/DreamcastCHD2020_0-O/Kao%20the%20Kangaroo%20v1.002%20%282000%29%28Titus%29%28US%29%28en-es%29%5B%21%5D.chd" "Kao the Kangaroo v1.002 (2000)(Titus)(US)(en-es)[!].chd" "-"
"archive.org" "https://archive.org/download/DreamcastCHD2020_0-O/King%20of%20Fighters%20Evolution%2C%20The%20v1.000%20%282000%29%28Agetec%29%28US%29%28M4%29%5B%21%5D.chd" "King of Fighters Evolution, The v1.000 (2000)(Agetec)(US)(M4)[!].chd" "-"
"archive.org" "https://archive.org/download/DreamcastCHD2020_0-O/King%20of%20Fighters%2C%20The%20-%20Dream%20Match%201999%20v1.004%20%281999%29%28SNK%29%28US%29%28M4%29%5B%21%5D.chd" "King of Fighters, The - Dream Match 1999 v1.004 (1999)(SNK)(US)(M4)[!].chd" "-"
"archive.org" "https://archive.org/download/DreamcastCHD2020_0-O/Kiss%20Psycho%20Circus%20-%20The%20Nightmare%20Child%20v1.000%20%282000%29%28Take%202%29%28US%29%5B%21%5D.chd" "Kiss Psycho Circus - The Nightmare Child v1.000 (2000)(Take 2)(US)[!].chd" "-"
"archive.org" "https://archive.org/download/DreamcastCHD2020_0-O/Last%20Blade%202%2C%20The%20-%20Heart%20of%20the%20Samurai%20v1.002%20%282001%29%28Agetec%29%28US%29%5B%21%5D.chd" "Last Blade 2, The - Heart of the Samurai v1.002 (2001)(Agetec)(US)[!].chd" "-"
"archive.org" "https://archive.org/download/DreamcastCHD2020_0-O/Legacy%20of%20Kain%20-%20Soul%20Reaver%20v1.000%20%281999%29%28Eidos%29%28US%29%5B%21%5D.chd" "Legacy of Kain - Soul Reaver v1.000 (1999)(Eidos)(US)[!].chd" "-"
"archive.org" "https://archive.org/download/DreamcastCHD2020_0-O/Looney%20Tunes%20Space%20Race%20v1.000%20%282000%29%28Infogrames%29%28US%29%28M3%29%5B%21%5D.chd" "Looney Tunes Space Race v1.000 (2000)(Infogrames)(US)(M3)[!].chd" "-"
"archive.org" "https://archive.org/download/DreamcastCHD2020_0-O/MDK%202%20v1.100%20%282000%29%28Interplay%29%28US%29%5B%21%5D.chd" "MDK 2 v1.100 (2000)(Interplay)(US)[!].chd" "-"
"archive.org" "https://archive.org/download/DreamcastCHD2020_0-O/MTV%20Sports%20-%20Skateboarding%20Featuring%20Andy%20Macdonald%20v1.002%20%282000%29%28THQ%29%28US%29%5B%21%5D.chd" "MTV Sports - Skateboarding Featuring Andy Macdonald v1.002 (2000)(THQ)(US)[!].chd" "-"
"archive.org" "https://archive.org/download/DreamcastCHD2020_0-O/Magforce%20Racing%20v1.001%20%282000%29%28Crave%29%28US%29%28M5%29%5B%21%5D.chd" "Magforce Racing v1.001 (2000)(Crave)(US)(M5)[!].chd" "-"
"archive.org" "https://archive.org/download/DreamcastCHD2020_0-O/Maken%20X%20v1.001%20%282000%29%28Sega%29%28US%29%5B%21%5D.chd" "Maken X v1.001 (2000)(Sega)(US)[!].chd" "-"
"archive.org" "https://archive.org/download/DreamcastCHD2020_0-O/Mars%20Matrix%20v1.000%20%282000%29%28Capcom%29%28US%29%5B%21%5D.chd" "Mars Matrix v1.000 (2000)(Capcom)(US)[!].chd" "-"
"archive.org" "https://archive.org/download/DreamcastCHD2020_0-O/Marvel%20vs.%20Capcom%20-%20Clash%20of%20Super%20Heroes%20v1.000%20%281999%29%28Capcom%29%28US%29%5B%21%5D.chd" "Marvel vs. Capcom - Clash of Super Heroes v1.000 (1999)(Capcom)(US)[!].chd" "-"
"archive.org" "https://archive.org/download/DreamcastCHD2020_0-O/Marvel%20vs.%20Capcom%202%20v1.001%20%282000%29%28Capcom%29%28US%29%5B%21%5D.chd" "Marvel vs. Capcom 2 v1.001 (2000)(Capcom)(US)[!].chd" "-"
"archive.org" "https://archive.org/download/DreamcastCHD2020_0-O/Mat%20Hoffman%27s%20Pro%20BMX%20v1.000%20%282001%29%28Activision%29%28US%29%5B%21%5D.chd" "Mat Hoffman's Pro BMX v1.000 (2001)(Activision)(US)[!].chd" "-"
"archive.org" "https://archive.org/download/DreamcastCHD2020_0-O/Max%20Steel%20-%20Covert%20Missions%20v1.060%20%282000%29%28Mattel%29%28US%29%5B%21%5D.chd" "Max Steel - Covert Missions v1.060 (2000)(Mattel)(US)[!].chd" "-"
"archive.org" "https://archive.org/download/DreamcastCHD2020_0-O/Maximum%20Pool%20v1.004%20%282000%29%28Sierra%29%28US%29%5B%21%5D.chd" "Maximum Pool v1.004 (2000)(Sierra)(US)[!].chd" "-"
"archive.org" "https://archive.org/download/DreamcastCHD2020_0-O/Metropolis%20Street%20Racer%20v1.010%20%282000%29%28Sega%29%28US%29%5B%21%5D.chd" "Metropolis Street Racer v1.010 (2000)(Sega)(US)[!].chd" "-"
"archive.org" "https://archive.org/download/DreamcastCHD2020_0-O/Midway%27s%20Greatest%20Arcade%20Hits%20Volume%201%20v1.001%20%282000%29%28Midway%29%28US%29%5B%21%5D%5Bcompilation%5D.chd" "Midway's Greatest Arcade Hits Volume 1 v1.001 (2000)(Midway)(US)[!][compilation].chd" "-"
"archive.org" "https://archive.org/download/DreamcastCHD2020_0-O/Midway%27s%20Greatest%20Arcade%20Hits%20Volume%202%20v1.001%20%282001%29%28Midway%29%28US%29%5B%21%5D%5Bcompilation%5D.chd" "Midway's Greatest Arcade Hits Volume 2 v1.001 (2001)(Midway)(US)[!][compilation].chd" "-"
"archive.org" "https://archive.org/download/DreamcastCHD2020_0-O/Moho%20v1.000%20%282000%29%28Take%202%29%28PAL%29%28M3%29%5B%21%5D.chd" "Moho v1.000 (2000)(Take 2)(PAL)(M3)[!].chd" "-"
"archive.org" "https://archive.org/download/DreamcastCHD2020_0-O/Monaco%20Grand%20Prix%20v1.215%20%281999%29%28Ubi%20Soft%29%28US%29%5B%21%5D.chd" "Monaco Grand Prix v1.215 (1999)(Ubi Soft)(US)[!].chd" "-"
"archive.org" "https://archive.org/download/DreamcastCHD2020_0-O/Mortal%20Kombat%20Gold%20v1.006%20%281999%29%28Midway%29%28US%29%5B%21%5D%5B6S%5D.chd" "Mortal Kombat Gold v1.006 (1999)(Midway)(US)[!][6S].chd" "-"
"archive.org" "https://archive.org/download/DreamcastCHD2020_0-O/Mr%20Driller%20v1.001%20%282000%29%28Namco%29%28US%29%5B%21%5D.chd" "Mr Driller v1.001 (2000)(Namco)(US)[!].chd" "-"
"archive.org" "https://archive.org/download/DreamcastCHD2020_0-O/Ms.%20Pac-Man%20-%20Maze%20Madness%20v1.000%20%282000%29%28Namco%29%28US%29%5B%21%5D.chd" "Ms. Pac-Man - Maze Madness v1.000 (2000)(Namco)(US)[!].chd" "-"
"archive.org" "https://archive.org/download/DreamcastCHD2020_0-O/NBA%202K%20v1.008%20%281999%29%28Sega%29%28US%29%5B%21%5D%5B9S%5D.chd" "NBA 2K v1.008 (1999)(Sega)(US)[!][9S].chd" "-"
"archive.org" "https://archive.org/download/DreamcastCHD2020_0-O/NBA%202K1%20v1.008%20%282000%29%28Sega%29%28US%29%5B%21%5D%5B6S%5D.chd" "NBA 2K1 v1.008 (2000)(Sega)(US)[!][6S].chd" "-"
"archive.org" "https://archive.org/download/DreamcastCHD2020_0-O/NBA%202K2%20v1.000%20%282001%29%28Sega%29%28US%29%5B%21%5D%5B1S%5D.chd" "NBA 2K2 v1.000 (2001)(Sega)(US)[!][1S].chd" "-"
"archive.org" "https://archive.org/download/DreamcastCHD2020_0-O/NBA%20Hoopz%20v2.000%20%282001%29%28Midway%29%28US%29%5B%21%5D.chd" "NBA Hoopz v2.000 (2001)(Midway)(US)[!].chd" "-"
"archive.org" "https://archive.org/download/DreamcastCHD2020_0-O/NBA%20Showtime%20-%20NBA%20on%20NBC%20v1.003%20%281999%29%28Midway%29%28US%29%5B%21%5D.chd" "NBA Showtime - NBA on NBC v1.003 (1999)(Midway)(US)[!].chd" "-"
"archive.org" "https://archive.org/download/DreamcastCHD2020_0-O/NCAA%20College%20Football%202K2%20-%20Road%20to%20the%20Rose%20Bowl%20v1.003%20%282001%29%28Sega%29%28US%29%5B%21%5D%5B2S%5D.chd" "NCAA College Football 2K2 - Road to the Rose Bowl v1.003 (2001)(Sega)(US)[!][2S].chd" "-"
"archive.org" "https://archive.org/download/DreamcastCHD2020_0-O/NFL%202K%20v1.007%20%281999%29%28Sega%29%28US%29%5B%21%5D%5BMT%20B08%2C%20B13%2C%20B19%2C%20B20%5D.chd" "NFL 2K v1.007 (1999)(Sega)(US)[!][MT B08, B13, B19, B20].chd" "-"
"archive.org" "https://archive.org/download/DreamcastCHD2020_0-O/NFL%202K1%20v1.003%20%282000%29%28Sega%29%28US%29%5B%21%5D%5B4S%5D.chd" "NFL 2K1 v1.003 (2000)(Sega)(US)[!][4S].chd" "-"
"archive.org" "https://archive.org/download/DreamcastCHD2020_0-O/NFL%202K2%20v1.004%20%282001%29%28Sega%29%28US%29%5B%21%5D%5B2S%5D.chd" "NFL 2K2 v1.004 (2001)(Sega)(US)[!][2S].chd" "-"
"archive.org" "https://archive.org/download/DreamcastCHD2020_0-O/NFL%20Blitz%202000%20v2.000%20%281999%29%28Midway%29%28US%29%5B%21%5D.chd" "NFL Blitz 2000 v2.000 (1999)(Midway)(US)[!].chd" "-"
"archive.org" "https://archive.org/download/DreamcastCHD2020_0-O/NFL%20Blitz%202001%20v1.001%20%282000%29%28Midway%29%28US%29%5B%21%5D.chd" "NFL Blitz 2001 v1.001 (2000)(Midway)(US)[!].chd" "-"
"archive.org" "https://archive.org/download/DreamcastCHD2020_0-O/NFL%20QB%20Club%202001%20v1.001%20%282000%29%28Acclaim%29%28US%29%5B%21%5D.chd" "NFL QB Club 2001 v1.001 (2000)(Acclaim)(US)[!].chd" "-"
"archive.org" "https://archive.org/download/DreamcastCHD2020_0-O/NFL%20Quarterback%20Club%202000%20v1.030%20%281999%29%28Acclaim%29%28US%29%5B%21%5D.chd" "NFL Quarterback Club 2000 v1.030 (1999)(Acclaim)(US)[!].chd" "-"
"archive.org" "https://archive.org/download/DreamcastCHD2020_0-O/NHL%202K%20v1.000%20%282000%29%28Sega%29%28US%29%5B%21%5D.chd" "NHL 2K v1.000 (2000)(Sega)(US)[!].chd" "-"
"archive.org" "https://archive.org/download/DreamcastCHD2020_0-O/NHL%202K2%20v1.008%20%282002%29%28Sega%29%28US%29%5B%21%5D%5B5S%5D.chd" "NHL 2K2 v1.008 (2002)(Sega)(US)[!][5S].chd" "-"
"archive.org" "https://archive.org/download/DreamcastCHD2020_0-O/Namco%20Museum%20v1.010%20%282000%29%28Namco%29%28US%29%5B%21%5D%5Bcompilation%5D.chd" "Namco Museum v1.010 (2000)(Namco)(US)[!][compilation].chd" "-"
"archive.org" "https://archive.org/download/DreamcastCHD2020_0-O/Next%20Tetris%2C%20The%20-%20On-line%20Edition%20v1.100%20%282000%29%28Crave%29%28US%29%5B%21%5D.chd" "Next Tetris, The - On-line Edition v1.100 (2000)(Crave)(US)[!].chd" "-"
"archive.org" "https://archive.org/download/DreamcastCHD2020_0-O/Nightmare%20Creatures%20II%20v1.000%20%282000%29%28Konami%29%28US%29%5B%21%5D.chd" "Nightmare Creatures II v1.000 (2000)(Konami)(US)[!].chd" "-"
"archive.org" "https://archive.org/download/DreamcastCHD2020_0-O/Omikron%20-%20The%20Nomad%20Soul%20v1.001%20%282000%29%28Eidos%29%28US%29%28M5%29%5B%21%5D%5B2S%5D.chd" "Omikron - The Nomad Soul v1.001 (2000)(Eidos)(US)(M5)[!][2S].chd" "-"
"archive.org" "https://archive.org/download/DreamcastCHD2020_0-O/Ooga%20Booga%20v1.001%20%282001%29%28Sega%29%28US%29%5B%21%5D.chd" "Ooga Booga v1.001 (2001)(Sega)(US)[!].chd" "-"
"archive.org" "https://archive.org/download/DreamcastCHD2020_0-O/Outtrigger%20v1.003%20%282001%29%28Sega%29%28US%29%5B%21%5D.chd" "Outtrigger v1.003 (2001)(Sega)(US)[!].chd" "-"
"archive.org" "https://archive.org/download/DreamcastCHD2020_P-Z/DreamcastCHD2020_P-Z_archive.torrent" "DreamcastCHD2020_P-Z_archive.torrent" "-"
"archive.org" "https://archive.org/download/DreamcastCHD2020_P-Z/DreamcastCHD2020_P-Z_files.xml" "DreamcastCHD2020_P-Z_files.xml" "-"
"archive.org" "https://archive.org/download/DreamcastCHD2020_P-Z/DreamcastCHD2020_P-Z_meta.sqlite" "DreamcastCHD2020_P-Z_meta.sqlite" "-"
"archive.org" "https://archive.org/download/DreamcastCHD2020_P-Z/DreamcastCHD2020_P-Z_meta.xml" "DreamcastCHD2020_P-Z_meta.xml" "-"
"archive.org" "https://archive.org/download/DreamcastCHD2020_P-Z/Dreamcast_thumb.jpg" "Dreamcast_thumb.jpg" "-"
"archive.org" "https://archive.org/download/DreamcastCHD2020_P-Z/POD%20-%20Speedzone%20v1.002%20%282000%29%28Ubi%20Soft%29%28US%29%5B%21%5D.chd" "POD - Speedzone v1.002 (2000)(Ubi Soft)(US)[!].chd" "-"
"archive.org" "https://archive.org/download/DreamcastCHD2020_P-Z/Phantasy%20Star%20Online%20v2.011%20%282001%29%28Sega%29%28US%29%28M5%29%5B%21%5D%5B3S%5D%5Breq.%20serial%5D.chd" "Phantasy Star Online v2.011 (2001)(Sega)(US)(M5)[!][3S][req. serial].chd" "-"
"archive.org" "https://archive.org/download/DreamcastCHD2020_P-Z/Planet%20Ring%20v1.005%20%282000%29%28Sega%29%28PAL%29%28M5%29%5B%21%5D%5Bonline%20only%5D.chd" "Planet Ring v1.005 (2000)(Sega)(PAL)(M5)[!][online only].chd" "-"
"archive.org" "https://archive.org/download/DreamcastCHD2020_P-Z/Plasma%20Sword%20-%20Nightmare%20of%20Bilstein%20v1.001%20%282000%29%28Capcom%29%28US%29%5B%21%5D.chd" "Plasma Sword - Nightmare of Bilstein v1.001 (2000)(Capcom)(US)[!].chd" "-"
"archive.org" "https://archive.org/download/DreamcastCHD2020_P-Z/Power%20Stone%202%20v1.000%20%282000%29%28Capcom%29%28US%29%5B%21%5D.chd" "Power Stone 2 v1.000 (2000)(Capcom)(US)[!].chd" "-"
"archive.org" "https://archive.org/download/DreamcastCHD2020_P-Z/Power%20Stone%20v1.001%20%281999%29%28Capcom%29%28US%29%5B%21%5D.chd" "Power Stone v1.001 (1999)(Capcom)(US)[!].chd" "-"
"archive.org" "https://archive.org/download/DreamcastCHD2020_P-Z/Prince%20of%20Persia%20-%20Arabian%20Nights%20v1.001%20%282000%29%28Mattel%29%28US%29%5B%21%5D.chd" "Prince of Persia - Arabian Nights v1.001 (2000)(Mattel)(US)[!].chd" "-"
"archive.org" "https://archive.org/download/DreamcastCHD2020_P-Z/Pro%20Pinball%20-%20Trilogy%20v1.100%20%282001%29%28Empire%29%28PAL%29%5B%21%5D.chd" "Pro Pinball - Trilogy v1.100 (2001)(Empire)(PAL)[!].chd" "-"
"archive.org" "https://archive.org/download/DreamcastCHD2020_P-Z/Project%20Justice%20v1.001%20%282001%29%28Capcom%29%28US%29%5B%21%5D.chd" "Project Justice v1.001 (2001)(Capcom)(US)[!].chd" "-"
"archive.org" "https://archive.org/download/DreamcastCHD2020_P-Z/Psychic%20Force%202012%20v1.010%20%281999%29%28Taito%29%28US%29%5B%21%5D.chd" "Psychic Force 2012 v1.010 (1999)(Taito)(US)[!].chd" "-"
"archive.org" "https://archive.org/download/DreamcastCHD2020_P-Z/Q-bert%20v1.003%20%282000%29%28Majesco%29%28US%29%5B%21%5D.chd" "Q-bert v1.003 (2000)(Majesco)(US)[!].chd" "-"
"archive.org" "https://archive.org/download/DreamcastCHD2020_P-Z/Quake%20III%20Arena%20v0.800%20%282000%29%28Sega%29%28US%29%5B%21%5D.chd" "Quake III Arena v0.800 (2000)(Sega)(US)[!].chd" "-"
"archive.org" "https://archive.org/download/DreamcastCHD2020_P-Z/Racing%20Simulation%202%20-%20Monaco%20Grand%20Prix%20On-Line%20v1.002%20%282001%29%28Swing%21%20-%20Ubi%20Soft%29%28PAL%29%5B%21%5D.chd" "Racing Simulation 2 - Monaco Grand Prix On-Line v1.002 (2001)(Swing! - Ubi Soft)(PAL)[!].chd" "-"
"archive.org" "https://archive.org/download/DreamcastCHD2020_P-Z/Railroad%20Tycoon%20II%20-%20Gold%20Edition%20v1.004%20%282000%29%28GOD%29%28US%29%5B%21%5D.chd" "Railroad Tycoon II - Gold Edition v1.004 (2000)(GOD)(US)[!].chd" "-"
"archive.org" "https://archive.org/download/DreamcastCHD2020_P-Z/Rayman%202%20-%20The%20Great%20Escape%20v1.003%20%282000%29%28Ubi%20Soft%29%28US%29%28M5%29%5B%21%5D.chd" "Rayman 2 - The Great Escape v1.003 (2000)(Ubi Soft)(US)(M5)[!].chd" "-"
"archive.org" "https://archive.org/download/DreamcastCHD2020_P-Z/Razor%20Freestyle%20Scooter%20v1.000%20%282001%29%28Crave%29%28US%29%5B%21%5D.chd" "Razor Freestyle Scooter v1.000 (2001)(Crave)(US)[!].chd" "-"
"archive.org" "https://archive.org/download/DreamcastCHD2020_P-Z/Re-Volt%20v1.010%20%281999%29%28Acclaim%29%28US%29%5B%21%5D%5B1S%5D.chd" "Re-Volt v1.010 (1999)(Acclaim)(US)[!][1S].chd" "-"
"archive.org" "https://archive.org/download/DreamcastCHD2020_P-Z/Ready%202%20Rumble%20Boxing%20Round%202%20v1.001%20%282000%29%28Midway%29%28US%29%28M3%29%5B%21%5D.chd" "Ready 2 Rumble Boxing Round 2 v1.001 (2000)(Midway)(US)(M3)[!].chd" "-"
"archive.org" "https://archive.org/download/DreamcastCHD2020_P-Z/Ready%202%20Rumble%20Boxing%20v1.000%20%281999%29%28Midway%29%28US%29%5B%21%5D%5B8S%5D.chd" "Ready 2 Rumble Boxing v1.000 (1999)(Midway)(US)[!][8S].chd" "-"
"archive.org" "https://archive.org/download/DreamcastCHD2020_P-Z/Record%20of%20Lodoss%20War%20v1.001%20%282001%29%28Crave%29%28US%29%5B%21%5D.chd" "Record of Lodoss War v1.001 (2001)(Crave)(US)[!].chd" "-"
"archive.org" "https://archive.org/download/DreamcastCHD2020_P-Z/Red%20Dog%20-%20Superior%20Firepower%20v1.002%20%282000%29%28Crave%29%28US%29%28M3%29%5B%21%5D.chd" "Red Dog - Superior Firepower v1.002 (2000)(Crave)(US)(M3)[!].chd" "-"
"archive.org" "https://archive.org/download/DreamcastCHD2020_P-Z/Reel%20Fishing%20-%20Wild%20v1.001%20%282001%29%28Natsume%20-%20Victor%29%28US%29%5B%21%5D.chd" "Reel Fishing - Wild v1.001 (2001)(Natsume - Victor)(US)[!].chd" "-"
"archive.org" "https://archive.org/download/DreamcastCHD2020_P-Z/Resident%20Evil%20-%20Code%20Veronica%20v1.000%20%282000%29%28Capcom%29%28US%29%28Disc%201%20of%202%29%5B%21%5D.CD1" "Resident Evil - Code Veronica v1.000 (2000)(Capcom)(US)(Disc 1 of 2)[!].CD1" "-"
"archive.org" "https://archive.org/download/DreamcastCHD2020_P-Z/Resident%20Evil%20-%20Code%20Veronica%20v1.000%20%282000%29%28Capcom%29%28US%29%28Disc%202%20of%202%29%5B%21%5D.CD2" "Resident Evil - Code Veronica v1.000 (2000)(Capcom)(US)(Disc 2 of 2)[!].CD2" "-"
"archive.org" "https://archive.org/download/DreamcastCHD2020_P-Z/Resident%20Evil%20-%20Code%20Veronica.m3u" "Resident Evil - Code Veronica.m3u" "-"
"archive.org" "https://archive.org/download/DreamcastCHD2020_P-Z/Resident%20Evil%202%20v1.001%20%282000%29%28Capcom%29%28US%29%28Disc%201%20of%202%29%5B%21%5D%5BLeon%5D.chd" "Resident Evil 2 v1.001 (2000)(Capcom)(US)(Disc 1 of 2)[!][Leon].chd" "-"
"archive.org" "https://archive.org/download/DreamcastCHD2020_P-Z/Resident%20Evil%202%20v1.001%20%282000%29%28Capcom%29%28US%29%28Disc%202%20of%202%29%5B%21%5D%5BClaire%5D.chd" "Resident Evil 2 v1.001 (2000)(Capcom)(US)(Disc 2 of 2)[!][Claire].chd" "-"
"archive.org" "https://archive.org/download/DreamcastCHD2020_P-Z/Resident%20Evil%203%20-%20Nemesis%20v1.000%20%282000%29%28Capcom%29%28US%29%5B%21%5D.chd" "Resident Evil 3 - Nemesis v1.000 (2000)(Capcom)(US)[!].chd" "-"
"archive.org" "https://archive.org/download/DreamcastCHD2020_P-Z/Rez%20v1.003%20%282001%29%28Sega%29%28PAL%29%28M6%29%5B%21%5D.chd" "Rez v1.003 (2001)(Sega)(PAL)(M6)[!].chd" "-"
"archive.org" "https://archive.org/download/DreamcastCHD2020_P-Z/Ring%2C%20The%20-%20Terror%27s%20Realm%20v1.002%20%282000%29%28Infogrames%29%28US%29%5B%21%5D.chd" "Ring, The - Terror's Realm v1.002 (2000)(Infogrames)(US)[!].chd" "-"
"archive.org" "https://archive.org/download/DreamcastCHD2020_P-Z/Rippin%27%20Riders%20Snowboarding%20v1.001%20%281999%29%28Sega%29%28US%29%5B%21%5D.chd" "Rippin' Riders Snowboarding v1.001 (1999)(Sega)(US)[!].chd" "-"
"archive.org" "https://archive.org/download/DreamcastCHD2020_P-Z/Roadsters%20v1.007%20%282000%29%28Titus%29%28US%29%5B%21%5D.chd" "Roadsters v1.007 (2000)(Titus)(US)[!].chd" "-"
"archive.org" "https://archive.org/download/DreamcastCHD2020_P-Z/Samba%20De%20Amigo%20v1.001%20%282000%29%28Sega%29%28US%29%5B%21%5D.chd" "Samba De Amigo v1.001 (2000)(Sega)(US)[!].chd" "-"
"archive.org" "https://archive.org/download/DreamcastCHD2020_P-Z/San%20Francisco%20Rush%202049%20v1.001%20%282000%29%28Midway%29%28US%29%28M6%29%5B%21%5D.chd" "San Francisco Rush 2049 v1.001 (2000)(Midway)(US)(M6)[!].chd" "-"
"archive.org" "https://archive.org/download/DreamcastCHD2020_P-Z/Seaman%20v1.001%20%282000%29%28Sega%29%28US%29%5B%21%5D%5Breq.%20microphone%5D.chd" "Seaman v1.001 (2000)(Sega)(US)[!][req. microphone].chd" "-"
"archive.org" "https://archive.org/download/DreamcastCHD2020_P-Z/Sega%20Bass%20Fishing%202%20v1.080%20%282001%29%28Sega%29%28US%29%5B%21%5D.chd" "Sega Bass Fishing 2 v1.080 (2001)(Sega)(US)[!].chd" "-"
"archive.org" "https://archive.org/download/DreamcastCHD2020_P-Z/Sega%20Bass%20Fishing%20v1.000%20%281999%29%28Sega%29%28US%29%5B%21%5D%5B8S%5D.chd" "Sega Bass Fishing v1.000 (1999)(Sega)(US)[!][8S].chd" "-"
"archive.org" "https://archive.org/download/DreamcastCHD2020_P-Z/Sega%20GT%20v1.003%20%282000%29%28Sega%29%28US%29%5B%21%5D.chd" "Sega GT v1.003 (2000)(Sega)(US)[!].chd" "-"
"archive.org" "https://archive.org/download/DreamcastCHD2020_P-Z/Sega%20Marine%20Fishing%20v1.001%20%282000%29%28Sega%29%28US%29%5B%21%5D.chd" "Sega Marine Fishing v1.001 (2000)(Sega)(US)[!].chd" "-"
"archive.org" "https://archive.org/download/DreamcastCHD2020_P-Z/Sega%20Rally%202%20v1.003%20%281999%29%28Sega%29%28US%29%5B%21%5D.chd" "Sega Rally 2 v1.003 (1999)(Sega)(US)[!].chd" "-"
"archive.org" "https://archive.org/download/DreamcastCHD2020_P-Z/Sega%20Smashpack%20Volume%201%20v1.002%20%282000%29%28Sega%29%28US%29%5B%21%5D%5B11S%5D%5Bcompilation%5D.chd" "Sega Smashpack Volume 1 v1.002 (2000)(Sega)(US)[!][11S][compilation].chd" "-"
"archive.org" "https://archive.org/download/DreamcastCHD2020_P-Z/Sega%20Worldwide%20Soccer%202000%20-%20Euro%20Edition%20v1.030%20%282000%29%28Sega%29%28PAL%29%28M4%29%5B%21%5D.chd" "Sega Worldwide Soccer 2000 - Euro Edition v1.030 (2000)(Sega)(PAL)(M4)[!].chd" "-"
"archive.org" "https://archive.org/download/DreamcastCHD2020_P-Z/Seventh%20Cross%20Evolution%20v1.000%20%281999%29%28UFO%29%28US%29%5B%21%5D.chd" "Seventh Cross Evolution v1.000 (1999)(UFO)(US)[!].chd" "-"
"archive.org" "https://archive.org/download/DreamcastCHD2020_P-Z/Shadow%20Man%20v1.010%20%281999%29%28Acclaim%29%28US%29%5B%21%5D.chd" "Shadow Man v1.010 (1999)(Acclaim)(US)[!].chd" "-"
"archive.org" "https://archive.org/download/DreamcastCHD2020_P-Z/Shenmue%20II%20v1.001%20%282001%29%28Sega%29%28PAL%29%28M4%29%28Disc%201%20of%204%29%5B%21%5D.CD1" "Shenmue II v1.001 (2001)(Sega)(PAL)(M4)(Disc 1 of 4)[!].CD1" "-"
"archive.org" "https://archive.org/download/DreamcastCHD2020_P-Z/Shenmue%20II%20v1.001%20%282001%29%28Sega%29%28PAL%29%28M4%29%28Disc%202%20of%204%29%5B%21%5D.CD2" "Shenmue II v1.001 (2001)(Sega)(PAL)(M4)(Disc 2 of 4)[!].CD2" "-"
"archive.org" "https://archive.org/download/DreamcastCHD2020_P-Z/Shenmue%20II%20v1.001%20%282001%29%28Sega%29%28PAL%29%28M4%29%28Disc%203%20of%204%29%5B%21%5D.CD3" "Shenmue II v1.001 (2001)(Sega)(PAL)(M4)(Disc 3 of 4)[!].CD3" "-"
"archive.org" "https://archive.org/download/DreamcastCHD2020_P-Z/Shenmue%20II%20v1.001%20%282001%29%28Sega%29%28PAL%29%28M4%29%28Disc%204%20of%204%29%5B%21%5D.CD4" "Shenmue II v1.001 (2001)(Sega)(PAL)(M4)(Disc 4 of 4)[!].CD4" "-"
"archive.org" "https://archive.org/download/DreamcastCHD2020_P-Z/Shenmue%20II.m3u" "Shenmue II.m3u" "-"
"archive.org" "https://archive.org/download/DreamcastCHD2020_P-Z/Shenmue%20v1.003%20%282000%29%28Sega%29%28US%29%28Disc%201%20of%204%29%5B%21%5D%5B1S%5D.CD1" "Shenmue v1.003 (2000)(Sega)(US)(Disc 1 of 4)[!][1S].CD1" "-"
"archive.org" "https://archive.org/download/DreamcastCHD2020_P-Z/Shenmue%20v1.003%20%282000%29%28Sega%29%28US%29%28Disc%202%20of%204%29%5B%21%5D.CD2" "Shenmue v1.003 (2000)(Sega)(US)(Disc 2 of 4)[!].CD2" "-"
"archive.org" "https://archive.org/download/DreamcastCHD2020_P-Z/Shenmue%20v1.003%20%282000%29%28Sega%29%28US%29%28Disc%203%20of%204%29%5B%21%5D%5B2S%5D.CD3" "Shenmue v1.003 (2000)(Sega)(US)(Disc 3 of 4)[!][2S].CD3" "-"
"archive.org" "https://archive.org/download/DreamcastCHD2020_P-Z/Shenmue%20v1.003%20%282000%29%28Sega%29%28US%29%28Disc%204%20of%204%29%5B%21%5D%5BPassport%20v1.004%5D.CD4" "Shenmue v1.003 (2000)(Sega)(US)(Disc 4 of 4)[!][Passport v1.004].CD4" "-"
"archive.org" "https://archive.org/download/DreamcastCHD2020_P-Z/Shenmue.m3u" "Shenmue.m3u" "-"
"archive.org" "https://archive.org/download/DreamcastCHD2020_P-Z/Silent%20Scope%20v1.000%20%282000%29%28Konami%29%28US%29%5B%21%5D.chd" "Silent Scope v1.000 (2000)(Konami)(US)[!].chd" "-"
"archive.org" "https://archive.org/download/DreamcastCHD2020_P-Z/Silver%20v1.001%20%282000%29%28Infogrames%29%28US%29%5B%21%5D.chd" "Silver v1.001 (2000)(Infogrames)(US)[!].chd" "-"
"archive.org" "https://archive.org/download/DreamcastCHD2020_P-Z/Skies%20of%20Arcadia%20v1.002%20%282000%29%28Sega%29%28US%29%28Disc%201%20of%202%29%5B%21%5D.CD1" "Skies of Arcadia v1.002 (2000)(Sega)(US)(Disc 1 of 2)[!].CD1" "-"
"archive.org" "https://archive.org/download/DreamcastCHD2020_P-Z/Skies%20of%20Arcadia%20v1.002%20%282000%29%28Sega%29%28US%29%28Disc%202%20of%202%29%5B%21%5D.CD2" "Skies of Arcadia v1.002 (2000)(Sega)(US)(Disc 2 of 2)[!].CD2" "-"
"archive.org" "https://archive.org/download/DreamcastCHD2020_P-Z/Skies%20of%20Arcadia.m3u" "Skies of Arcadia.m3u" "-"
"archive.org" "https://archive.org/download/DreamcastCHD2020_P-Z/Slave%20Zero%20v1.001%20%281999%29%28Infogrames%29%28US%29%5B%21%5D.chd" "Slave Zero v1.001 (1999)(Infogrames)(US)[!].chd" "-"
"archive.org" "https://archive.org/download/DreamcastCHD2020_P-Z/SnoCross%20-%20Championship%20Racing%20v1.000%20%282000%29%28Crave%29%28US%29%5B%21%5D.chd" "SnoCross - Championship Racing v1.000 (2000)(Crave)(US)[!].chd" "-"
"archive.org" "https://archive.org/download/DreamcastCHD2020_P-Z/Soldier%20of%20Fortune%20v1.001%20%282001%29%28Crave%29%28US%29%5B%21%5D.chd" "Soldier of Fortune v1.001 (2001)(Crave)(US)[!].chd" "-"
"archive.org" "https://archive.org/download/DreamcastCHD2020_P-Z/Sonic%20Adventure%20-%20Limited%20Edition%20v1.002%20%281999%29%28Sega%29%28US%29%5B%21%5D%5B1M1%5D.chd" "Sonic Adventure - Limited Edition v1.002 (1999)(Sega)(US)[!][1M1].chd" "-"
"archive.org" "https://archive.org/download/DreamcastCHD2020_P-Z/Sonic%20Adventure%202%20v1.008%20%282001%29%28Sega%29%28US%29%28M5%29%5B%21%5D%5B3S%5D.chd" "Sonic Adventure 2 v1.008 (2001)(Sega)(US)(M5)[!][3S].chd" "-"
"archive.org" "https://archive.org/download/DreamcastCHD2020_P-Z/Sonic%20Adventure%20v1.005%20%281999%29%28Sega%29%28US%29%28M5%29%5B%21%5D%5B26S%5D.chd" "Sonic Adventure v1.005 (1999)(Sega)(US)(M5)[!][26S].chd" "-"
"archive.org" "https://archive.org/download/DreamcastCHD2020_P-Z/Sonic%20Shuffle%20v1.000%20%282000%29%28Sega%29%28US%29%5B%21%5D.chd" "Sonic Shuffle v1.000 (2000)(Sega)(US)[!].chd" "-"
"archive.org" "https://archive.org/download/DreamcastCHD2020_P-Z/Soul%20Calibur%20v1.000%20%281999%29%28Namco%29%28US%29%5B%21%5D%5B4S%5D.chd" "Soul Calibur v1.000 (1999)(Namco)(US)[!][4S].chd" "-"
"archive.org" "https://archive.org/download/DreamcastCHD2020_P-Z/Soul%20Fighter%20v1.000%20%281999%29%28Red%20Orb%29%28US%29%5B%21%5D.chd" "Soul Fighter v1.000 (1999)(Red Orb)(US)[!].chd" "-"
"archive.org" "https://archive.org/download/DreamcastCHD2020_P-Z/South%20Park%20-%20Chef%27s%20Luv%20Shack%20v1.000%20%281999%29%28Acclaim%29%28US%29%5B%21%5D%5B8S%5D.chd" "South Park - Chef's Luv Shack v1.000 (1999)(Acclaim)(US)[!][8S].chd" "-"
"archive.org" "https://archive.org/download/DreamcastCHD2020_P-Z/South%20Park%20Rally%20v1.001%20%282000%29%28Acclaim%29%28US%29%5B%21%5D.chd" "South Park Rally v1.001 (2000)(Acclaim)(US)[!].chd" "-"
"archive.org" "https://archive.org/download/DreamcastCHD2020_P-Z/Space%20Channel%205%20v1.000%20%282000%29%28Sega%29%28US%29%5B%21%5D.chd" "Space Channel 5 v1.000 (2000)(Sega)(US)[!].chd" "-"
"archive.org" "https://archive.org/download/DreamcastCHD2020_P-Z/Spawn%20-%20In%20the%20Demon%27s%20Hand%20v1.000%20%282000%29%28Capcom%29%28US%29%5B%21%5D.chd" "Spawn - In the Demon's Hand v1.000 (2000)(Capcom)(US)[!].chd" "-"
"archive.org" "https://archive.org/download/DreamcastCHD2020_P-Z/Spec%20Ops%20II%20-%20Omega%20Squad%20v1.008%20%282000%29%28Ripcord%29%28US%29%5B%21%5D.chd" "Spec Ops II - Omega Squad v1.008 (2000)(Ripcord)(US)[!].chd" "-"
"archive.org" "https://archive.org/download/DreamcastCHD2020_P-Z/Speed%20Devils%20v1.004%20%281999%29%28Ubi%20Soft%29%28US%29%5B%21%5D.chd" "Speed Devils v1.004 (1999)(Ubi Soft)(US)[!].chd" "-"
"archive.org" "https://archive.org/download/DreamcastCHD2020_P-Z/Spider-Man%20v1.000%20%282001%29%28Activision%29%28US%29%5B%21%5D.chd" "Spider-Man v1.000 (2001)(Activision)(US)[!].chd" "-"
"archive.org" "https://archive.org/download/DreamcastCHD2020_P-Z/Spirit%20of%20Speed%201937%20v1.001%20%282000%29%28LJN%29%28US%29%5B%21%5D.chd" "Spirit of Speed 1937 v1.001 (2000)(LJN)(US)[!].chd" "-"
"archive.org" "https://archive.org/download/DreamcastCHD2020_P-Z/Sports%20Jam%20v1.001%20%282001%29%28Agetec%29%28US%29%5B%21%5D.chd" "Sports Jam v1.001 (2001)(Agetec)(US)[!].chd" "-"
"archive.org" "https://archive.org/download/DreamcastCHD2020_P-Z/Star%20Wars%20-%20Demolition%20v1.001%20%282000%29%28Lucas%20Arts%29%28US%29%5B%21%5D.chd" "Star Wars - Demolition v1.001 (2000)(Lucas Arts)(US)[!].chd" "-"
"archive.org" "https://archive.org/download/DreamcastCHD2020_P-Z/Star%20Wars%20-%20Episode%20I%20-%20Jedi%20Power%20Battles%20v1.004%20%282000%29%28Lucas%20Arts%29%28US%29%5B%21%5D.chd" "Star Wars - Episode I - Jedi Power Battles v1.004 (2000)(Lucas Arts)(US)[!].chd" "-"
"archive.org" "https://archive.org/download/DreamcastCHD2020_P-Z/Star%20Wars%20-%20Episode%20I%20-%20Racer%20v1.001%20%282000%29%28Lucas%20Arts%29%28US%29%5B%21%5D.chd" "Star Wars - Episode I - Racer v1.001 (2000)(Lucas Arts)(US)[!].chd" "-"
"archive.org" "https://archive.org/download/DreamcastCHD2020_P-Z/StarLancer%20v1.002%20%282000%29%28Crave%29%28US%29%5B%21%5D.chd" "StarLancer v1.002 (2000)(Crave)(US)[!].chd" "-"
"archive.org" "https://archive.org/download/DreamcastCHD2020_P-Z/Street%20Fighter%20Alpha%203%20v1.001%20%282000%29%28Capcom%29%28US%29%5B%21%5D.chd" "Street Fighter Alpha 3 v1.001 (2000)(Capcom)(US)[!].chd" "-"
"archive.org" "https://archive.org/download/DreamcastCHD2020_P-Z/Street%20Fighter%20III%20-%203rd%20Strike%20v1.001%20%282000%29%28Capcom%29%28US%29%5B%21%5D.chd" "Street Fighter III - 3rd Strike v1.001 (2000)(Capcom)(US)[!].chd" "-"
"archive.org" "https://archive.org/download/DreamcastCHD2020_P-Z/Street%20Fighter%20III%20-%20Double%20Impact%20v1.001%20%282000%29%28Capcom%29%28US%29%5B%21%5D.chd" "Street Fighter III - Double Impact v1.001 (2000)(Capcom)(US)[!].chd" "-"
"archive.org" "https://archive.org/download/DreamcastCHD2020_P-Z/Striker%20Pro%202000%20v1.002%20%282000%29%28Infogrames%29%28US%29%5B%21%5D.chd" "Striker Pro 2000 v1.002 (2000)(Infogrames)(US)[!].chd" "-"
"archive.org" "https://archive.org/download/DreamcastCHD2020_P-Z/Stunt%20GP%20v1.001%20%282000%29%28EON%29%28PAL%29%28M7%29%5B%21%5D.chd" "Stunt GP v1.001 (2000)(EON)(PAL)(M7)[!].chd" "-"
"archive.org" "https://archive.org/download/DreamcastCHD2020_P-Z/Stupid%20Invaders%20v1.001%20%282001%29%28Ubi%20Soft%29%28US%29%28Disc%201%20of%202%29%5B%21%5D.CD1" "Stupid Invaders v1.001 (2001)(Ubi Soft)(US)(Disc 1 of 2)[!].CD1" "-"
"archive.org" "https://archive.org/download/DreamcastCHD2020_P-Z/Stupid%20Invaders%20v1.001%20%282001%29%28Ubi%20Soft%29%28US%29%28Disc%202%20of%202%29%5B%21%5D.CD2" "Stupid Invaders v1.001 (2001)(Ubi Soft)(US)(Disc 2 of 2)[!].CD2" "-"
"archive.org" "https://archive.org/download/DreamcastCHD2020_P-Z/Stupid%20Invaders.m3u" "Stupid Invaders.m3u" "-"
"archive.org" "https://archive.org/download/DreamcastCHD2020_P-Z/Super%20Magnetic%20Neo%20v1.001%20%282000%29%28Crave%29%28US%29%5B%21%5D.chd" "Super Magnetic Neo v1.001 (2000)(Crave)(US)[!].chd" "-"
"archive.org" "https://archive.org/download/DreamcastCHD2020_P-Z/Super%20Runabout%20-%20San%20Francisco%20Edition%20v1.005%20%282000%29%28Interplay%29%28US%29%5B%21%5D.chd" "Super Runabout - San Francisco Edition v1.005 (2000)(Interplay)(US)[!].chd" "-"
"archive.org" "https://archive.org/download/DreamcastCHD2020_P-Z/Surf%20Rocket%20Racers%20v1.000%20%282000%29%28Crave%29%28US%29%5B%21%5D.chd" "Surf Rocket Racers v1.000 (2000)(Crave)(US)[!].chd" "-"
"archive.org" "https://archive.org/download/DreamcastCHD2020_P-Z/Suzuki%20ALSTARE%20Extreme%20Racing%20v1.000%20%281999%29%28Ubi%20Soft%29%28US%29%5B%21%5D.chd" "Suzuki ALSTARE Extreme Racing v1.000 (1999)(Ubi Soft)(US)[!].chd" "-"
"archive.org" "https://archive.org/download/DreamcastCHD2020_P-Z/Sword%20of%20the%20Berserk%20-%20Guts%27%20Rage%20v1.000%20%282000%29%28Eidos%29%28US%29%5B%21%5D.chd" "Sword of the Berserk - Guts' Rage v1.000 (2000)(Eidos)(US)[!].chd" "-"
"archive.org" "https://archive.org/download/DreamcastCHD2020_P-Z/Sydney%202000%20v1.000%20%282000%29%28Eidos%29%28US%29%5B%21%5D.chd" "Sydney 2000 v1.000 (2000)(Eidos)(US)[!].chd" "-"
"archive.org" "https://archive.org/download/DreamcastCHD2020_P-Z/TNN%20Motorsports%20Hardcore%20Heat%20v1.001%20%281999%29%28ASC%20Games%29%28US%29%5B%21%5D.chd" "TNN Motorsports Hardcore Heat v1.001 (1999)(ASC Games)(US)[!].chd" "-"
"archive.org" "https://archive.org/download/DreamcastCHD2020_P-Z/Tech%20Romancer%20v1.001%20%282000%29%28Capcom%29%28US%29%5B%21%5D.chd" "Tech Romancer v1.001 (2000)(Capcom)(US)[!].chd" "-"
"archive.org" "https://archive.org/download/DreamcastCHD2020_P-Z/Tee%20Off%20v1.001%20%281999%29%28Acclaim%29%28US%29%5B%21%5D%5B3S%5D.chd" "Tee Off v1.001 (1999)(Acclaim)(US)[!][3S].chd" "-"
"archive.org" "https://archive.org/download/DreamcastCHD2020_P-Z/Tennis%202K2%20v1.009%20%282001%29%28Sega%29%28US%29%28M5%29%5B%21%5D.chd" "Tennis 2K2 v1.009 (2001)(Sega)(US)(M5)[!].chd" "-"
"archive.org" "https://archive.org/download/DreamcastCHD2020_P-Z/Test%20Drive%206%20v1.000%20%281999%29%28Infogrames%29%28US%29%5B%21%5D.chd" "Test Drive 6 v1.000 (1999)(Infogrames)(US)[!].chd" "-"
"archive.org" "https://archive.org/download/DreamcastCHD2020_P-Z/Test%20Drive%20Le%20Mans%20v1.000%20%282000%29%28Infogrames%29%28US%29%28M3%29%5B%21%5D.chd" "Test Drive Le Mans v1.000 (2000)(Infogrames)(US)(M3)[!].chd" "-"
"archive.org" "https://archive.org/download/DreamcastCHD2020_P-Z/Test%20Drive%20V-Rally%20v1.001%20%282000%29%28Infogrames%29%28US%29%28M3%29%5B%21%5D.chd" "Test Drive V-Rally v1.001 (2000)(Infogrames)(US)(M3)[!].chd" "-"
"archive.org" "https://archive.org/download/DreamcastCHD2020_P-Z/TimeStalkers%20v1.002%20%282000%29%28Sega%29%28US%29%5B%21%5D.chd" "TimeStalkers v1.002 (2000)(Sega)(US)[!].chd" "-"
"archive.org" "https://archive.org/download/DreamcastCHD2020_P-Z/Tokyo%20Xtreme%20Racer%202%20v1.002%20%282000%29%28Crave%29%28US%29%5B%21%5D.chd" "Tokyo Xtreme Racer 2 v1.002 (2000)(Crave)(US)[!].chd" "-"
"archive.org" "https://archive.org/download/DreamcastCHD2020_P-Z/Tokyo%20Xtreme%20Racer%20v1.001%20%281999%29%28Crave%29%28US%29%5B%21%5D.chd" "Tokyo Xtreme Racer v1.001 (1999)(Crave)(US)[!].chd" "-"
"archive.org" "https://archive.org/download/DreamcastCHD2020_P-Z/Tom%20Clancy%27s%20Rainbow%20Six%20-%20Rogue%20Spear%20v1.002%20%282000%29%28Majesco%20-%20Red%20Storm%29%28US%29%5B%21%5D.chd" "Tom Clancy's Rainbow Six - Rogue Spear v1.002 (2000)(Majesco - Red Storm)(US)[!].chd" "-"
"archive.org" "https://archive.org/download/DreamcastCHD2020_P-Z/Tom%20Clancy%27s%20Rainbow%20Six%20v1.004%20%282000%29%28Majesco%20-%20Red%20Storm%29%28US%29%5B%21%5D.chd" "Tom Clancy's Rainbow Six v1.004 (2000)(Majesco - Red Storm)(US)[!].chd" "-"
"archive.org" "https://archive.org/download/DreamcastCHD2020_P-Z/Tomb%20Raider%20-%20The%20Last%20Revelation%20v1.001%20%282000%29%28Eidos%29%28US%29%5B%21%5D.chd" "Tomb Raider - The Last Revelation v1.001 (2000)(Eidos)(US)[!].chd" "-"
"archive.org" "https://archive.org/download/DreamcastCHD2020_P-Z/Tomb%20Raider%20Chronicles%20v1.000%20%282000%29%28Eidos%29%28US%29%5B%21%5D.chd" "Tomb Raider Chronicles v1.000 (2000)(Eidos)(US)[!].chd" "-"
"archive.org" "https://archive.org/download/DreamcastCHD2020_P-Z/Tony%20Hawk%27s%20Pro%20Skater%202%20v1.001%20%282000%29%28Activision%29%28US%29%5B%21%5D.chd" "Tony Hawk's Pro Skater 2 v1.001 (2000)(Activision)(US)[!].chd" "-"
"archive.org" "https://archive.org/download/DreamcastCHD2020_P-Z/Tony%20Hawk%27s%20Pro%20Skater%20v1.000%20%282000%29%28Crave%29%28US%29%5B%21%5D.chd" "Tony Hawk's Pro Skater v1.000 (2000)(Crave)(US)[!].chd" "-"
"archive.org" "https://archive.org/download/DreamcastCHD2020_P-Z/Toy%20Commander%20v1.022%20%281999%29%28Sega%29%28US%29%28M4%29%5B%21%5D%5B12S%5D.chd" "Toy Commander v1.022 (1999)(Sega)(US)(M4)[!][12S].chd" "-"
"archive.org" "https://archive.org/download/DreamcastCHD2020_P-Z/Toy%20Racer%20v1.050%20%282000%29%28Sega%29%28PAL%29%28M4%29%5B%21%5D.chd" "Toy Racer v1.050 (2000)(Sega)(PAL)(M4)[!].chd" "-"
"archive.org" "https://archive.org/download/DreamcastCHD2020_P-Z/Toy%20Story%202%20-%20Buzz%20Lightyear%20to%20the%20Rescue%21%20v1.002%20%282000%29%28Activision%29%28US%29%5B%21%5D.chd" "Toy Story 2 - Buzz Lightyear to the Rescue! v1.002 (2000)(Activision)(US)[!].chd" "-"
"archive.org" "https://archive.org/download/DreamcastCHD2020_P-Z/TrickStyle%20v1.000%20%281999%29%28Acclaim%29%28US%29%5B%21%5D%5B3S%5D.chd" "TrickStyle v1.000 (1999)(Acclaim)(US)[!][3S].chd" "-"
"archive.org" "https://archive.org/download/DreamcastCHD2020_P-Z/Typing%20of%20the%20Dead%2C%20The%20v1.004%20%282000%29%28Sega%29%28US%29%5B%21%5D%5Breq.%20keyboard%5D.chd" "Typing of the Dead, The v1.004 (2000)(Sega)(US)[!][req. keyboard].chd" "-"
"archive.org" "https://archive.org/download/DreamcastCHD2020_P-Z/UEFA%20Dream%20Soccer%20v1.003%20%282000%29%28Sega%29%28PAL%29%28M4%29%5B%21%5D.chd" "UEFA Dream Soccer v1.003 (2000)(Sega)(PAL)(M4)[!].chd" "-"
"archive.org" "https://archive.org/download/DreamcastCHD2020_P-Z/Ultimate%20Fighting%20Championship%20v1.001%20%282000%29%28Crave%29%28US%29%5B%21%5D.chd" "Ultimate Fighting Championship v1.001 (2000)(Crave)(US)[!].chd" "-"
"archive.org" "https://archive.org/download/DreamcastCHD2020_P-Z/Unreal%20Tournament%20v1.000%20%282001%29%28Infogrames%29%28US%29%5B%21%5D.chd" "Unreal Tournament v1.000 (2001)(Infogrames)(US)[!].chd" "-"
"archive.org" "https://archive.org/download/DreamcastCHD2020_P-Z/Urban%20Chaos%20v1.000%20%282000%29%28Eidos%29%28US%29%28en-fr%29%5B%21%5D.chd" "Urban Chaos v1.000 (2000)(Eidos)(US)(en-fr)[!].chd" "-"
"archive.org" "https://archive.org/download/DreamcastCHD2020_P-Z/Vanishing%20Point%20v1.001%20%282000%29%28Acclaim%29%28US%29%5B%21%5D.chd" "Vanishing Point v1.001 (2000)(Acclaim)(US)[!].chd" "-"
"archive.org" "https://archive.org/download/DreamcastCHD2020_P-Z/Vigilante%208%20-%202nd%20Offense%20v1.000%20%281999%29%28Activision%29%28US%29%5B%21%5D.chd" "Vigilante 8 - 2nd Offense v1.000 (1999)(Activision)(US)[!].chd" "-"
"archive.org" "https://archive.org/download/DreamcastCHD2020_P-Z/Virtua%20Athlete%202000%20v1.002%20%282000%29%28Agetec%29%28US%29%28M4%29%5B%21%5D.chd" "Virtua Athlete 2000 v1.002 (2000)(Agetec)(US)(M4)[!].chd" "-"
"archive.org" "https://archive.org/download/DreamcastCHD2020_P-Z/Virtua%20Fighter%203tb%20v1.002%20%281999%29%28Sega%29%28US%29%5B%21%5D.chd" "Virtua Fighter 3tb v1.002 (1999)(Sega)(US)[!].chd" "-"
"archive.org" "https://archive.org/download/DreamcastCHD2020_P-Z/Virtua%20Striker%202%20v1.002%20%281999%29%28Sega%29%28US%29%28M5%29%5B%21%5D.chd" "Virtua Striker 2 v1.002 (1999)(Sega)(US)(M5)[!].chd" "-"
"archive.org" "https://archive.org/download/DreamcastCHD2020_P-Z/Virtua%20Tennis%20v1.001%20%282000%29%28Sega%29%28US%29%5B%21%5D.chd" "Virtua Tennis v1.001 (2000)(Sega)(US)[!].chd" "-"
"archive.org" "https://archive.org/download/DreamcastCHD2020_P-Z/WWF%20Attitude%20v1.010%20%281999%29%28Acclaim%29%28US%29%5B%21%5D.chd" "WWF Attitude v1.010 (1999)(Acclaim)(US)[!].chd" "-"
"archive.org" "https://archive.org/download/DreamcastCHD2020_P-Z/WWF%20Royal%20Rumble%20v0.800%20%282000%29%28THQ%29%28US%29%5B%21%5D.chd" "WWF Royal Rumble v0.800 (2000)(THQ)(US)[!].chd" "-"
"archive.org" "https://archive.org/download/DreamcastCHD2020_P-Z/Wacky%20Races%20v1.001%20%282000%29%28Infogrames%29%28US%29%28M3%29%5B%21%5D.chd" "Wacky Races v1.001 (2000)(Infogrames)(US)(M3)[!].chd" "-"
"archive.org" "https://archive.org/download/DreamcastCHD2020_P-Z/Walt%20Disney%20World%20Quest%20-%20Magical%20Racing%20Tour%20v1.001%20%282000%29%28Eidos%29%28US%29%5B%21%5D.chd" "Walt Disney World Quest - Magical Racing Tour v1.001 (2000)(Eidos)(US)[!].chd" "-"
"archive.org" "https://archive.org/download/DreamcastCHD2020_P-Z/Wetrix%20%20v1.001%20%281999%29%28Acclaim%20-%20XICAT%20Interactive%29%28US%29%5B%21%5D.chd" "Wetrix  v1.001 (1999)(Acclaim - XICAT Interactive)(US)[!].chd" "-"
"archive.org" "https://archive.org/download/DreamcastCHD2020_P-Z/Who%20Wants%20to%20Beat%20Up%20a%20Millionaire%20v1.004%20%282000%29%28Simon%20%26%20Schuster%29%28US%29%5B%21%5D.chd" "Who Wants to Beat Up a Millionaire v1.004 (2000)(Simon & Schuster)(US)[!].chd" "-"
"archive.org" "https://archive.org/download/DreamcastCHD2020_P-Z/Wild%20Metal%20v1.003%20%282000%29%28Rockstar%20-%20Take%202%29%28US%29%28M6%29%5B%21%5D.chd" "Wild Metal v1.003 (2000)(Rockstar - Take 2)(US)(M6)[!].chd" "-"
"archive.org" "https://archive.org/download/DreamcastCHD2020_P-Z/World%20Series%20Baseball%202K1%20v1.000%20%282000%29%28Sega%29%28US%29%5B%21%5D%5B5S%5D.chd" "World Series Baseball 2K1 v1.000 (2000)(Sega)(US)[!][5S].chd" "-"
"archive.org" "https://archive.org/download/DreamcastCHD2020_P-Z/World%20Series%20Baseball%202K2%20v1.000%20%282001%29%28Sega%29%28US%29%5B%21%5D%5B3S%5D.chd" "World Series Baseball 2K2 v1.000 (2001)(Sega)(US)[!][3S].chd" "-"
"archive.org" "https://archive.org/download/DreamcastCHD2020_P-Z/Worms%20Armageddon%20v1.001%20%281999%29%28MicroProse%29%28US%29%5B%21%5D.chd" "Worms Armageddon v1.001 (1999)(MicroProse)(US)[!].chd" "-"
"archive.org" "https://archive.org/download/DreamcastCHD2020_P-Z/Worms%20World%20Party%20v1.001%20%282001%29%28Titus%29%28US%29%28M9%29%5B%21%5D.chd" "Worms World Party v1.001 (2001)(Titus)(US)(M9)[!].chd" "-"
"archive.org" "https://archive.org/download/DreamcastCHD2020_P-Z/Xtreme%20Sports%20v1.000%20%282000%29%28Infogrames%29%28US%29%5B%21%5D.chd" "Xtreme Sports v1.000 (2000)(Infogrames)(US)[!].chd" "-"
"archive.org" "https://archive.org/download/DreamcastCHD2020_P-Z/Zombie%20Revenge%20v1.001%20%281999%29%28Sega%29%28US%29%5B%21%5D.chd" "Zombie Revenge v1.001 (1999)(Sega)(US)[!].chd" "-"
